// Jest Snapshot v1, https://goo.gl/fbAQLP

exports[`Alert matches snapshot 1`] = `
<div>
  <span />
  <span />
  <span />
  <div
    class="Toast__ToastStyle-sc-18p3u8j-0 jhiKCx"
  >
    <span />
  </div>
</div>
`;
