// Jest Snapshot v1, https://goo.gl/fbAQLP

exports[`Checkbox matches snapshot 1`] = `
<div>
  <div
    class="Checkbox__BasicCheckboxStyle-sc-1p1hzqe-0 idCwik"
    label=""
  >
    <label
      for="checkbox0"
    >
      <input
        id="checkbox0"
        type="checkbox"
        value=""
      />
      <span />
    </label>
  </div>
</div>
`;
